INFO 2026-01-14 14:52:14,860 logging_service 56 127843365542784 [log] test.manual | org=test-org | user=testuser | entity=test:None
INFO 2026-01-14 14:53:23,942 logging_service 74 135126122044288 [log] ranking.run.started | org=test-org | user=testuser | entity=ranking_run:7e03b813-dd91-4ba2-900f-43dbd7f47696
INFO 2026-01-14 14:53:34,160 logging_service 80 130273949420416 [log] ranking.run.completed | org=test-org | user=testuser | entity=ranking_run:ecde089b-0456-4461-ab7e-4e447cb0abb1
INFO 2026-01-14 14:53:34,162 logging_service 80 130273949420416 [log] ranking.run.failed | org=test-org | user=testuser | entity=ranking_run:ecde089b-0456-4461-ab7e-4e447cb0abb1
INFO 2026-01-14 18:36:56,270 logging_service 9 133755854382784 [log] http.post | org=Test | user=c@test.hu | entity=http_request:None
INFO 2026-01-14 18:37:04,678 logging_service 9 133755854382784 [log] http.patch | org=Test | user=c@test.hu | entity=http_request:None
INFO 2026-01-14 18:37:23,105 logging_service 9 133755854382784 [log] http.post | org=Test | user=c@test.hu | entity=cv_file:None
INFO 2026-01-14 18:42:17,005 logging_service 9 133755854382784 [log] http.post | org=Test | user=c@test.hu | entity=cv_file:None
INFO 2026-01-14 19:03:14,343 logging_service 9 131521262380736 [log] http.post | org=Test | user=c@test.hu | entity=http_request:None
INFO 2026-01-14 19:07:41,079 logging_service 9 140682639435456 [log] http.post | org=Test | user=c@test.hu | entity=cv_file:None
INFO 2026-01-14 19:17:52,051 logging_service 9 136324757087936 [log] http.post | org=Test | user=c@test.hu | entity=cv_file:None
INFO 2026-01-14 19:21:31,472 logging_service 9 137122803078848 [log] http.post | org=Test | user=c@test.hu | entity=cv_file:None
INFO 2026-01-14 19:21:51,213 logging_service 9 137122803078848 [log] http.post | org=Test | user=c@test.hu | entity=cv_file:None
INFO 2026-01-14 19:22:08,564 logging_service 9 137122803078848 [log] http.post | org=Test | user=c@test.hu | entity=cv_file:None
INFO 2026-01-14 19:23:29,146 logging_service 9 138148270319296 [log] http.post | org=Test | user=c@test.hu | entity=cv_file:None
INFO 2026-01-14 19:23:31,732 logging_service 9 138148270319296 [log] http.post | org=Test | user=c@test.hu | entity=cv_file:None
INFO 2026-01-14 19:23:52,783 logging_service 9 138148270319296 [log] http.post | org=Test | user=c@test.hu | entity=cv_file:None
INFO 2026-01-14 19:24:25,665 logging_service 9 138148270319296 [log] http.post | org=Test | user=c@test.hu | entity=cv_file:None
INFO 2026-01-14 19:45:56,534 logging_service 9 140261963884224 [log] http.delete | org=Test | user=c@test.hu | entity=cv_file:None
INFO 2026-01-14 19:46:19,468 logging_service 9 140261963884224 [log] http.post | org=Test | user=c@test.hu | entity=cv_file:None
INFO 2026-01-14 19:47:11,217 logging_service 9 140261963884224 [log] http.post | org=Test | user=c@test.hu | entity=cv_file:None
INFO 2026-01-16 11:53:43,060 logging_service 9 130438899721920 [log] http.delete | org=Test | user=c@test.hu | entity=cv_file:None
INFO 2026-01-16 11:53:59,168 logging_service 9 130438899721920 [log] http.post | org=Test | user=c@test.hu | entity=cv_file:None
INFO 2026-01-19 16:21:06,840 logging_service 20 138736846407360 [log] http.post | org=tech-startup | user=admin | entity=http_request:None
INFO 2026-01-19 16:21:25,487 logging_service 20 138736836966080 [log] http.post | org=tech-startup | user=admin | entity=cv_file:None
INFO 2026-01-19 16:38:53,973 logging_service 20 130392893707968 [log] http.delete | org=tech-startup | user=admin | entity=http_request:None
INFO 2026-01-19 16:41:34,568 logging_service 20 134877570516672 [log] http.post | org=tech-startup | user=admin | entity=http_request:None
INFO 2026-01-19 16:42:03,532 logging_service 20 134877570516672 [log] http.post | org=tech-startup | user=admin | entity=cv_file:None
INFO 2026-01-19 17:05:04,518 logging_service 20 128397338830528 [log] http.post | org=tech-startup | user=admin | entity=http_request:None
INFO 2026-01-19 17:05:26,975 logging_service 20 128397338830528 [log] http.post | org=tech-startup | user=admin | entity=cv_file:None
INFO 2026-01-19 18:26:15,115 logging_service 42 140698809788096 [log] http.post | org=tech-startup | user=admin | entity=http_request:None
INFO 2026-01-19 18:26:17,327 logging_service 42 140698809788096 [log] http.post | org=tech-startup | user=admin | entity=http_request:None
INFO 2026-01-19 18:48:39,018 logging_service 42 138833772250816 [log] http.post | org=tech-startup | user=admin | entity=http_request:None
INFO 2026-01-19 18:48:39,040 logging_service 42 138833772250816 [log] http.post | org=tech-startup | user=admin | entity=http_request:None
INFO 2026-01-19 18:52:12,593 logging_service 42 132456485062336 [log] http.post | org=tech-startup | user=admin | entity=http_request:None
INFO 2026-01-19 18:52:12,629 logging_service 42 132456485062336 [log] http.post | org=tech-startup | user=admin | entity=http_request:None
INFO 2026-01-19 18:52:35,253 logging_service 42 132456485062336 [log] http.post | org=tech-startup | user=admin | entity=http_request:None
INFO 2026-01-19 18:52:35,272 embedding_service 42 132456485062336 Loading embedding model: sentence-transformers/all-MiniLM-L6-v2
INFO 2026-01-19 18:52:42,726 embedding_service 42 132456485062336 Embedding model loaded successfully
INFO 2026-01-19 18:52:42,819 logging_service 42 132456485062336 [log] http.post | org=tech-startup | user=admin | entity=http_request:None
INFO 2026-01-19 18:56:15,170 logging_service 42 135425861564096 [log] http.post | org=tech-startup | user=admin | entity=http_request:None
INFO 2026-01-19 18:56:15,188 embedding_service 42 135425861564096 Loading embedding model: sentence-transformers/all-MiniLM-L6-v2
INFO 2026-01-19 18:56:22,524 embedding_service 42 135425861564096 Embedding model loaded successfully
INFO 2026-01-19 18:56:22,591 logging_service 42 135425861564096 [log] http.post | org=tech-startup | user=admin | entity=http_request:None
INFO 2026-01-19 19:00:52,818 logging_service 42 136631292446400 [log] http.post | org=tech-startup | user=admin | entity=http_request:None
INFO 2026-01-19 19:00:52,836 embedding_service 42 136631292446400 Loading embedding model: sentence-transformers/all-MiniLM-L6-v2
INFO 2026-01-19 19:00:59,957 embedding_service 42 136631292446400 Embedding model loaded successfully
INFO 2026-01-19 19:00:59,994 logging_service 42 136631292446400 [log] http.post | org=tech-startup | user=admin | entity=http_request:None
INFO 2026-01-19 19:01:39,634 logging_service 42 136629738002112 [log] http.post | org=tech-startup | user=admin | entity=http_request:None
INFO 2026-01-19 19:01:39,680 logging_service 42 136629738002112 [log] http.post | org=tech-startup | user=admin | entity=http_request:None
INFO 2026-01-19 19:05:56,767 ai 42 128821616391872 Sending NLQ request to Make.com: {'query': 'Machine learning engineer with Python TensorFlow PyTorch', 'language': 'en'}
INFO 2026-01-19 19:05:59,321 ai 42 128821616391872 Make.com NLQ response: {'filters': {'must_have_skills': ['python', 'tensorflow', 'pytorch'], 'nice_to_have_skills': [], 'min_years_experience': None, 'location': '', 'remote': None, 'keywords': ['machine learning engineer'], 'sort': {'by': 'score', 'dir': 'desc'}}, 'raw': {'original_query': 'Machine learning engineer with Python TensorFlow PyTorch'}}
INFO 2026-01-19 19:05:59,330 logging_service 42 128821616391872 [log] http.post | org=tech-startup | user=admin | entity=http_request:None
INFO 2026-01-19 19:05:59,350 embedding_service 42 128821616391872 Loading embedding model: sentence-transformers/all-MiniLM-L6-v2
INFO 2026-01-19 19:06:06,363 embedding_service 42 128821616391872 Embedding model loaded successfully
INFO 2026-01-19 19:06:06,415 logging_service 42 128821616391872 [log] http.post | org=tech-startup | user=admin | entity=http_request:None
INFO 2026-01-19 19:06:09,138 ai 42 128821616391872 Sending NLQ request to Make.com: {'query': 'Frontend developer with React and TypeScript', 'language': 'en'}
INFO 2026-01-19 19:06:12,059 ai 42 128821616391872 Make.com NLQ response: {'filters': {'must_have_skills': ['react', 'typescript'], 'nice_to_have_skills': [], 'min_years_experience': None, 'location': '', 'remote': None, 'keywords': ['frontend developer'], 'sort': {'by': 'score', 'dir': 'desc'}}, 'raw': {'original_query': 'Frontend developer with React and TypeScript'}}
INFO 2026-01-19 19:06:12,069 logging_service 42 128821616391872 [log] http.post | org=tech-startup | user=admin | entity=http_request:None
INFO 2026-01-19 19:06:12,119 logging_service 42 128821616391872 [log] http.post | org=tech-startup | user=admin | entity=http_request:None
INFO 2026-01-19 19:12:24,356 logging_service 42 126156527359680 [log] http.delete | org=tech-startup | user=admin | entity=http_request:None
INFO 2026-01-19 19:12:26,354 logging_service 42 126156527359680 [log] http.delete | org=tech-startup | user=admin | entity=http_request:None
INFO 2026-01-19 19:12:51,796 logging_service 42 126156535752384 [log] http.delete | org=tech-startup | user=admin | entity=http_request:None
INFO 2026-01-19 19:13:18,569 logging_service 42 126156527359680 [log] http.post | org=tech-startup | user=admin | entity=http_request:None
INFO 2026-01-19 19:13:56,069 embedding_service 42 126156544145088 Loading embedding model: sentence-transformers/all-MiniLM-L6-v2
INFO 2026-01-19 19:14:03,150 embedding_service 42 126156544145088 Embedding model loaded successfully
INFO 2026-01-19 19:14:03,315 logging_service 42 126156544145088 [log] http.post | org=tech-startup | user=admin | entity=cv_file:None
INFO 2026-01-19 19:14:19,490 ai 42 126154715420352 Sending NLQ request to Make.com: {'query': 'Machine learning engineer with Python TensorFlow PyTorch', 'language': 'en'}
INFO 2026-01-19 19:14:22,912 ai 42 126154715420352 Make.com NLQ response: {'filters': {'must_have_skills': ['python', 'tensorflow', 'pytorch'], 'nice_to_have_skills': [], 'min_years_experience': None, 'location': '', 'remote': None, 'keywords': ['machine learning engineer'], 'sort': {'by': 'score', 'dir': 'desc'}}, 'raw': {'original_query': 'Machine learning engineer with Python TensorFlow PyTorch'}}
INFO 2026-01-19 19:14:22,920 logging_service 42 126154715420352 [log] http.post | org=tech-startup | user=admin | entity=http_request:None
INFO 2026-01-19 19:14:22,967 logging_service 42 126154715420352 [log] http.post | org=tech-startup | user=admin | entity=http_request:None
INFO 2026-01-19 19:19:36,817 logging_service 42 128641133831872 [log] http.delete | org=tech-startup | user=admin | entity=http_request:None
INFO 2026-01-19 19:26:19,137 logging_service 42 128641152714432 [log] http.post | org=tech-startup | user=admin | entity=http_request:None
INFO 2026-01-19 19:26:32,271 embedding_service 42 128641152714432 Loading embedding model: sentence-transformers/all-MiniLM-L6-v2
INFO 2026-01-19 19:26:34,483 embedding_service 42 128641152714432 Embedding model loaded successfully
INFO 2026-01-19 19:26:34,781 logging_service 42 128641152714432 [log] http.post | org=tech-startup | user=admin | entity=cv_file:None
INFO 2026-01-19 19:27:30,241 logging_service 42 128640706660032 [log] http.post | org=tech-startup | user=admin | entity=http_request:None
INFO 2026-01-19 19:27:46,094 logging_service 42 128640706660032 [log] http.post | org=tech-startup | user=admin | entity=cv_file:None
INFO 2026-01-19 19:27:52,636 ai 42 128640706660032 Sending NLQ request to Make.com: {'query': 'Machine learning engineer with Python TensorFlow PyTorch', 'language': 'en'}
INFO 2026-01-19 19:27:55,071 ai 42 128640706660032 Make.com NLQ response: {'filters': {'must_have_skills': ['python', 'tensorflow', 'pytorch'], 'nice_to_have_skills': [], 'min_years_experience': None, 'location': '', 'remote': None, 'keywords': ['machine learning engineer'], 'sort': {'by': 'score', 'dir': 'desc'}}, 'raw': {'original_query': 'Machine learning engineer with Python TensorFlow PyTorch'}}
INFO 2026-01-19 19:27:55,079 logging_service 42 128640706660032 [log] http.post | org=tech-startup | user=admin | entity=http_request:None
INFO 2026-01-19 19:27:55,130 logging_service 42 128640706660032 [log] http.post | org=tech-startup | user=admin | entity=http_request:None
INFO 2026-01-19 19:30:31,705 ai 42 134377764976320 Sending NLQ request to Make.com: {'query': 'Machine learning engineer with Python TensorFlow PyTorch', 'language': 'en'}
INFO 2026-01-19 19:30:35,145 ai 42 134377764976320 Make.com NLQ response: {'filters': {'must_have_skills': ['python', 'tensorflow', 'pytorch'], 'nice_to_have_skills': [], 'min_years_experience': None, 'location': '', 'remote': None, 'keywords': ['machine learning', 'engineer'], 'sort': {'by': 'score', 'dir': 'desc'}}, 'raw': {'original_query': 'Machine learning engineer with Python TensorFlow PyTorch'}}
INFO 2026-01-19 19:30:35,154 logging_service 42 134377764976320 [log] http.post | org=tech-startup | user=admin | entity=http_request:None
INFO 2026-01-19 19:30:35,173 embedding_service 42 134377764976320 Loading embedding model: sentence-transformers/all-MiniLM-L6-v2
INFO 2026-01-19 19:30:42,371 embedding_service 42 134377764976320 Embedding model loaded successfully
INFO 2026-01-19 19:30:42,418 logging_service 42 134377764976320 [log] http.post | org=tech-startup | user=admin | entity=http_request:None
INFO 2026-01-19 19:32:37,275 ai 42 127338646259392 Sending NLQ request to Make.com: {'query': 'Machine learning engineer with Python TensorFlow PyTorch', 'language': 'en'}
INFO 2026-01-19 19:32:39,665 ai 42 127338646259392 Make.com NLQ response: {'filters': {'must_have_skills': ['python', 'tensorflow', 'pytorch'], 'nice_to_have_skills': [], 'min_years_experience': None, 'location': '', 'remote': None, 'keywords': ['machine learning', 'engineer'], 'sort': {'by': 'score', 'dir': 'desc'}}, 'raw': {'original_query': 'Machine learning engineer with Python TensorFlow PyTorch'}}
INFO 2026-01-19 19:32:39,680 logging_service 42 127338646259392 [log] http.post | org=tech-startup | user=admin | entity=http_request:None
INFO 2026-01-19 19:32:39,699 embedding_service 42 127338646259392 Loading embedding model: sentence-transformers/all-MiniLM-L6-v2
INFO 2026-01-19 19:32:46,912 embedding_service 42 127338646259392 Embedding model loaded successfully
INFO 2026-01-19 19:32:46,951 logging_service 42 127338646259392 [log] http.post | org=tech-startup | user=admin | entity=http_request:None
INFO 2026-01-19 19:33:49,686 ai 42 127337087596224 Sending NLQ request to Make.com: {'query': 'Data scientist with NLP and computer vision expertise', 'language': 'en'}
INFO 2026-01-19 19:33:52,143 ai 42 127337087596224 Make.com NLQ response: {'filters': {'must_have_skills': ['nlp', 'computer vision'], 'nice_to_have_skills': [], 'min_years_experience': None, 'location': '', 'remote': None, 'keywords': ['data scientist', 'expertise'], 'sort': {'by': 'score', 'dir': 'desc'}}, 'raw': {'original_query': 'Data scientist with NLP and computer vision expertise'}}
INFO 2026-01-19 19:33:52,151 logging_service 42 127337087596224 [log] http.post | org=tech-startup | user=admin | entity=http_request:None
INFO 2026-01-19 19:33:52,195 logging_service 42 127337087596224 [log] http.post | org=tech-startup | user=admin | entity=http_request:None
INFO 2026-01-19 19:33:55,102 ai 42 127337087596224 Sending NLQ request to Make.com: {'query': 'Frontend developer with React and TypeScript', 'language': 'en'}
INFO 2026-01-19 19:33:58,291 ai 42 127337087596224 Make.com NLQ response: {'filters': {'must_have_skills': ['react', 'typescript'], 'nice_to_have_skills': [], 'min_years_experience': None, 'location': '', 'remote': None, 'keywords': ['frontend developer'], 'sort': {'by': 'score', 'dir': 'desc'}}, 'raw': {'original_query': 'Frontend developer with React and TypeScript'}}
INFO 2026-01-19 19:33:58,298 logging_service 42 127337087596224 [log] http.post | org=tech-startup | user=admin | entity=http_request:None
INFO 2026-01-19 19:33:58,341 logging_service 42 127337087596224 [log] http.post | org=tech-startup | user=admin | entity=http_request:None
INFO 2026-01-19 19:39:05,835 ai 120 137322408203968 Sending NLQ request to Make.com: {'query': 'Machine learning engineer with Python TensorFlow PyTorch', 'language': 'en'}
INFO 2026-01-19 19:39:08,256 ai 120 137322408203968 Make.com NLQ response: {'filters': {'must_have_skills': ['python', 'tensorflow', 'pytorch'], 'nice_to_have_skills': [], 'min_years_experience': None, 'location': '', 'remote': None, 'keywords': ['machine learning engineer'], 'sort': {'by': 'score', 'dir': 'desc'}}, 'raw': {'original_query': 'Machine learning engineer with Python TensorFlow PyTorch'}}
INFO 2026-01-19 19:39:08,265 logging_service 120 137322408203968 [log] http.post | org=tech-startup | user=admin | entity=http_request:None
INFO 2026-01-19 19:39:08,285 embedding_service 120 137322408203968 Loading embedding model: sentence-transformers/all-MiniLM-L6-v2
INFO 2026-01-19 19:39:10,377 embedding_service 120 137322408203968 Embedding model loaded successfully
INFO 2026-01-19 19:39:10,421 logging_service 120 137322408203968 [log] http.post | org=tech-startup | user=admin | entity=http_request:None
INFO 2026-01-19 19:39:13,275 ai 120 137322293049024 Sending NLQ request to Make.com: {'query': 'Frontend developer with React and TypeScript', 'language': 'en'}
INFO 2026-01-19 19:39:15,817 ai 120 137322293049024 Make.com NLQ response: {'filters': {'must_have_skills': ['react', 'typescript'], 'nice_to_have_skills': [], 'min_years_experience': None, 'location': '', 'remote': None, 'keywords': ['frontend developer'], 'sort': {'by': 'score', 'dir': 'desc'}}, 'raw': {'original_query': 'Frontend developer with React and TypeScript'}}
INFO 2026-01-19 19:39:15,825 logging_service 120 137322293049024 [log] http.post | org=tech-startup | user=admin | entity=http_request:None
INFO 2026-01-19 19:39:15,867 logging_service 120 137322293049024 [log] http.post | org=tech-startup | user=admin | entity=http_request:None
INFO 2026-01-19 19:39:20,546 ai 120 137322293049024 Sending NLQ request to Make.com: {'query': 'Machine learning engineer with Python TensorFlow PyTorch', 'language': 'en'}
INFO 2026-01-19 19:39:22,970 ai 120 137322293049024 Make.com NLQ response: {'filters': {'must_have_skills': ['python', 'tensorflow', 'pytorch'], 'nice_to_have_skills': [], 'min_years_experience': None, 'location': '', 'remote': None, 'keywords': ['machine learning engineer'], 'sort': {'by': 'score', 'dir': 'desc'}}, 'raw': {'original_query': 'Machine learning engineer with Python TensorFlow PyTorch'}}
INFO 2026-01-19 19:39:22,979 logging_service 120 137322293049024 [log] http.post | org=tech-startup | user=admin | entity=http_request:None
INFO 2026-01-19 19:39:23,020 logging_service 120 137322293049024 [log] http.post | org=tech-startup | user=admin | entity=http_request:None
INFO 2026-01-19 23:05:34,114 logging_service 42 127745078064832 [log] http.post | org=tech-startup | user=admin | entity=http_request:None
INFO 2026-01-19 23:05:34,244 logging_service 42 127745078064832 [log] http.post | org=tech-startup | user=admin | entity=http_request:None
INFO 2026-01-19 23:05:44,377 logging_service 42 127745078064832 [log] http.post | org=tech-startup | user=admin | entity=http_request:None
INFO 2026-01-19 23:05:47,402 logging_service 42 127745078064832 [log] http.post | org=tech-startup | user=admin | entity=http_request:None
INFO 2026-01-19 23:10:17,164 logging_service 42 124890867033792 [log] http.post | org=tech-startup | user=admin | entity=http_request:None
INFO 2026-01-19 23:28:58,103 logging_service 42 135837421430464 [log] http.post | org=tech-startup | user=admin | entity=http_request:None
ERROR 2026-01-20 00:01:29,574 logging_service 92 140575406316416 Failed to create audit log: ['“sample-run-123” is not a valid UUID.']
Traceback (most recent call last):
  File "/usr/local/lib/python3.12/site-packages/django/db/models/fields/__init__.py", line 2766, in to_python
    return uuid.UUID(**{input_form: value})
           ^^^^^^^^^^^^^^^^^^^^^^^^^^^^^^^^
  File "/usr/local/lib/python3.12/uuid.py", line 178, in __init__
    raise ValueError('badly formed hexadecimal UUID string')
ValueError: badly formed hexadecimal UUID string

During handling of the above exception, another exception occurred:

Traceback (most recent call last):
  File "/app/cv_filter/accounts/logging_service.py", line 62, in log
    audit_log = AuditLog.objects.create(
                ^^^^^^^^^^^^^^^^^^^^^^^^
  File "/usr/local/lib/python3.12/site-packages/django/db/models/manager.py", line 87, in manager_method
    return getattr(self.get_queryset(), name)(*args, **kwargs)
           ^^^^^^^^^^^^^^^^^^^^^^^^^^^^^^^^^^^^^^^^^^^^^^^^^^^
  File "/usr/local/lib/python3.12/site-packages/django/db/models/query.py", line 665, in create
    obj.save(force_insert=True, using=self.db)
  File "/usr/local/lib/python3.12/site-packages/django/db/models/base.py", line 902, in save
    self.save_base(
  File "/usr/local/lib/python3.12/site-packages/django/db/models/base.py", line 1008, in save_base
    updated = self._save_table(
              ^^^^^^^^^^^^^^^^^
  File "/usr/local/lib/python3.12/site-packages/django/db/models/base.py", line 1169, in _save_table
    results = self._do_insert(
              ^^^^^^^^^^^^^^^^
  File "/usr/local/lib/python3.12/site-packages/django/db/models/base.py", line 1210, in _do_insert
    return manager._insert(
           ^^^^^^^^^^^^^^^^
  File "/usr/local/lib/python3.12/site-packages/django/db/models/manager.py", line 87, in manager_method
    return getattr(self.get_queryset(), name)(*args, **kwargs)
           ^^^^^^^^^^^^^^^^^^^^^^^^^^^^^^^^^^^^^^^^^^^^^^^^^^^
  File "/usr/local/lib/python3.12/site-packages/django/db/models/query.py", line 1873, in _insert
    return query.get_compiler(using=using).execute_sql(returning_fields)
           ^^^^^^^^^^^^^^^^^^^^^^^^^^^^^^^^^^^^^^^^^^^^^^^^^^^^^^^^^^^^^
  File "/usr/local/lib/python3.12/site-packages/django/db/models/sql/compiler.py", line 1881, in execute_sql
    for sql, params in self.as_sql():
                       ^^^^^^^^^^^^^
  File "/usr/local/lib/python3.12/site-packages/django/db/models/sql/compiler.py", line 1806, in as_sql
    self.prepare_value(field, self.pre_save_val(field, obj))
  File "/usr/local/lib/python3.12/site-packages/django/db/models/sql/compiler.py", line 1741, in prepare_value
    return field.get_db_prep_save(value, connection=self.connection)
           ^^^^^^^^^^^^^^^^^^^^^^^^^^^^^^^^^^^^^^^^^^^^^^^^^^^^^^^^^
  File "/usr/local/lib/python3.12/site-packages/django/db/models/fields/__init__.py", line 1012, in get_db_prep_save
    return self.get_db_prep_value(value, connection=connection, prepared=False)
           ^^^^^^^^^^^^^^^^^^^^^^^^^^^^^^^^^^^^^^^^^^^^^^^^^^^^^^^^^^^^^^^^^^^^
  File "/usr/local/lib/python3.12/site-packages/django/db/models/fields/__init__.py", line 2756, in get_db_prep_value
    value = self.to_python(value)
            ^^^^^^^^^^^^^^^^^^^^^
  File "/usr/local/lib/python3.12/site-packages/django/db/models/fields/__init__.py", line 2768, in to_python
    raise exceptions.ValidationError(
django.core.exceptions.ValidationError: ['“sample-run-123” is not a valid UUID.']
INFO 2026-01-20 00:04:09,135 logging_service 127 126504192621440 [log] ranking.run.started | org=tech-startup | user=system | entity=ranking_run:381a26e6-c288-46a0-92b9-9352a3c2e90f
INFO 2026-01-20 00:04:09,137 logging_service 127 126504192621440 [log] cv.uploaded | org=tech-startup | user=system | entity=cv_file:996f5d17-d4de-436a-8a4d-8b223464f325
INFO 2026-01-20 00:05:15,698 logging_service 68 125978648094400 [log] http.post | org=tech-startup | user=admin | entity=http_request:None
INFO 2026-01-20 00:05:33,412 embedding_service 68 125978648094400 Loading embedding model: sentence-transformers/all-MiniLM-L6-v2
INFO 2026-01-20 00:05:40,846 embedding_service 68 125978648094400 Embedding model loaded successfully
INFO 2026-01-20 00:05:41,076 logging_service 68 125978648094400 [log] http.post | org=tech-startup | user=admin | entity=cv_file:None
INFO 2026-01-20 00:11:39,375 logging_service 43 136210629637824 [log] cv.summary_generated | org=tech-startup | user=admin | entity=cv_file:5266782b-d078-4dd5-9c9c-b36f16a4aaec
INFO 2026-01-20 00:11:39,378 logging_service 43 136210629637824 [log] http.post | org=tech-startup | user=admin | entity=http_request:None
INFO 2026-01-20 00:12:20,011 logging_service 43 136210257278656 [log] http.post | org=tech-startup | user=admin | entity=http_request:None
INFO 2026-01-20 00:12:32,526 logging_service 43 136210257278656 [log] http.post | org=tech-startup | user=admin | entity=http_request:None
INFO 2026-01-20 00:14:29,793 logging_service 42 132468783535808 [log] cv.uploaded | org=tech-startup | user=admin | entity=cv_file:a8a80c12-124b-4483-94bc-c17e070a14eb
INFO 2026-01-20 00:14:32,068 embedding_service 42 132468783535808 Loading embedding model: sentence-transformers/all-MiniLM-L6-v2
INFO 2026-01-20 00:14:34,207 embedding_service 42 132468783535808 Embedding model loaded successfully
INFO 2026-01-20 00:14:34,412 logging_service 42 132468783535808 [log] http.post | org=tech-startup | user=admin | entity=cv_file:None
INFO 2026-01-20 00:17:27,847 logging_service 42 132468518672064 [log] http.post | org=tech-startup | user=admin | entity=http_request:None
INFO 2026-01-20 00:18:55,502 logging_service 42 132468527064768 [log] candidate.deleted | org=tech-startup | user=admin | entity=candidate:d74b3c58-99d9-42ce-8833-b3de68b36acd
INFO 2026-01-20 00:18:55,512 logging_service 42 132468527064768 [log] http.delete | org=tech-startup | user=admin | entity=http_request:None
INFO 2026-01-20 00:22:55,366 logging_service 42 132259710736064 [log] http.post | org=tech-startup | user=admin | entity=http_request:None
INFO 2026-01-20 00:24:23,724 logging_service 42 126013817120448 [log] candidate.deleted | org=tech-startup | user=admin | entity=candidate:02d5986e-d0c0-4803-918a-f1776b66cdb9
INFO 2026-01-20 00:24:23,732 logging_service 42 126013817120448 [log] http.delete | org=tech-startup | user=admin | entity=http_request:None
INFO 2026-01-20 00:24:32,702 logging_service 42 126013817120448 [log] candidate.created | org=tech-startup | user=admin | entity=candidate:52d2edcf-496d-43bd-b210-15bf26b97d7b
INFO 2026-01-20 00:24:32,704 logging_service 42 126013817120448 [log] http.post | org=tech-startup | user=admin | entity=http_request:None
INFO 2026-01-20 00:57:29,179 logging_service 42 134186891458240 [log] cv.uploaded | org=tech-startup | user=admin | entity=cv_file:ad4ce083-7493-4564-a04d-333ea57c0cae
INFO 2026-01-20 00:57:31,572 embedding_service 42 134186891458240 Loading embedding model: sentence-transformers/all-MiniLM-L6-v2
INFO 2026-01-20 00:57:33,851 embedding_service 42 134186891458240 Embedding model loaded successfully
INFO 2026-01-20 00:57:34,109 logging_service 42 134186891458240 [log] http.post | org=tech-startup | user=admin | entity=cv_file:None
INFO 2026-01-20 01:06:26,064 logging_service 42 139497212491456 [log] http.post | org=tech-startup | user=admin | entity=http_request:None
INFO 2026-01-20 01:06:28,994 logging_service 42 139497212491456 [log] cv.summary_generated | org=tech-startup | user=admin | entity=cv_file:a8a80c12-124b-4483-94bc-c17e070a14eb
INFO 2026-01-20 01:06:28,996 logging_service 42 139497212491456 [log] http.post | org=tech-startup | user=admin | entity=http_request:None
INFO 2026-01-20 01:10:42,340 logging_service 42 131162754369216 [log] http.post | org=tech-startup | user=admin | entity=http_request:None
INFO 2026-01-20 01:10:45,029 logging_service 42 131162754369216 [log] cv.summary_generated | org=tech-startup | user=admin | entity=cv_file:ad4ce083-7493-4564-a04d-333ea57c0cae
INFO 2026-01-20 01:10:45,031 logging_service 42 131162754369216 [log] http.post | org=tech-startup | user=admin | entity=http_request:None
INFO 2026-01-20 01:10:56,231 ai 42 131162742830784 Sending NLQ request to Make.com: {'query': 'Data scientist with NLP and computer vision expertise', 'language': 'en'}
INFO 2026-01-20 01:10:59,073 ai 42 131162742830784 Make.com NLQ response: {'filters': {'must_have_skills': ['data scientist', 'nlp', 'computer vision'], 'nice_to_have_skills': [], 'min_years_experience': None, 'location': '', 'remote': None, 'keywords': ['expertise'], 'sort': {'by': 'score', 'dir': 'desc'}}, 'raw': {'original_query': 'Data scientist with NLP and computer vision expertise'}}
INFO 2026-01-20 01:10:59,082 logging_service 42 131162742830784 [log] cv.searched | org=tech-startup | user=admin | entity=candidate:13f9796d-2d12-4469-bc46-de396814eca7
INFO 2026-01-20 01:10:59,084 logging_service 42 131162742830784 [log] http.post | org=tech-startup | user=admin | entity=http_request:None
INFO 2026-01-20 01:10:59,102 embedding_service 42 131162742830784 Loading embedding model: sentence-transformers/all-MiniLM-L6-v2
INFO 2026-01-20 01:11:06,390 embedding_service 42 131162742830784 Embedding model loaded successfully
INFO 2026-01-20 01:11:06,437 logging_service 42 131162742830784 [log] http.post | org=tech-startup | user=admin | entity=http_request:None
INFO 2026-01-20 01:11:12,472 ai 42 131161480287936 Sending NLQ request to Make.com: {'query': 'Machine learning engineer with Python TensorFlow PyTorch', 'language': 'en'}
INFO 2026-01-20 01:11:14,800 ai 42 131161480287936 Make.com NLQ response: {'filters': {'must_have_skills': ['python', 'tensorflow', 'pytorch'], 'nice_to_have_skills': [], 'min_years_experience': None, 'location': '', 'remote': None, 'keywords': ['machine learning engineer'], 'sort': {'by': 'score', 'dir': 'desc'}}, 'raw': {'original_query': 'Machine learning engineer with Python TensorFlow PyTorch'}}
INFO 2026-01-20 01:11:14,808 logging_service 42 131161480287936 [log] cv.searched | org=tech-startup | user=admin | entity=candidate:13f9796d-2d12-4469-bc46-de396814eca7
INFO 2026-01-20 01:11:14,810 logging_service 42 131161480287936 [log] http.post | org=tech-startup | user=admin | entity=http_request:None
INFO 2026-01-20 01:11:14,852 logging_service 42 131161480287936 [log] http.post | org=tech-startup | user=admin | entity=http_request:None
INFO 2026-01-20 01:11:19,989 ai 42 131161480287936 Sending NLQ request to Make.com: {'query': 'Frontend developer with React and TypeScript', 'language': 'en'}
INFO 2026-01-20 01:11:23,593 ai 42 131161480287936 Make.com NLQ response: {'filters': {'must_have_skills': ['react', 'typescript'], 'nice_to_have_skills': [], 'min_years_experience': None, 'location': '', 'remote': None, 'keywords': ['frontend developer'], 'sort': {'by': 'score', 'dir': 'desc'}}, 'raw': {'original_query': 'Frontend developer with React and TypeScript'}}
INFO 2026-01-20 01:11:23,601 logging_service 42 131161480287936 [log] cv.searched | org=tech-startup | user=admin | entity=candidate:13f9796d-2d12-4469-bc46-de396814eca7
INFO 2026-01-20 01:11:23,603 logging_service 42 131161480287936 [log] http.post | org=tech-startup | user=admin | entity=http_request:None
INFO 2026-01-20 01:11:23,646 logging_service 42 131161480287936 [log] http.post | org=tech-startup | user=admin | entity=http_request:None
INFO 2026-01-20 01:11:26,897 ai 42 131161480287936 Sending NLQ request to Make.com: {'query': 'React developer with Next.js and Redux experience', 'language': 'en'}
INFO 2026-01-20 01:11:28,365 ai 42 131161480287936 Make.com NLQ response: {'filters': {'must_have_skills': ['react', 'next.js', 'redux'], 'nice_to_have_skills': [], 'min_years_experience': None, 'location': '', 'remote': None, 'keywords': [], 'sort': {'by': 'score', 'dir': 'desc'}}, 'raw': {'original_query': 'React developer with Next.js and Redux experience'}}
INFO 2026-01-20 01:11:28,373 logging_service 42 131161480287936 [log] cv.searched | org=tech-startup | user=admin | entity=candidate:13f9796d-2d12-4469-bc46-de396814eca7
INFO 2026-01-20 01:11:28,375 logging_service 42 131161480287936 [log] http.post | org=tech-startup | user=admin | entity=http_request:None
INFO 2026-01-20 01:11:28,403 logging_service 42 131161480287936 [log] http.post | org=tech-startup | user=admin | entity=http_request:None
INFO 2026-01-20 01:11:43,899 ai 42 131161480287936 Sending NLQ request to Make.com: {'query': 'English c2', 'language': 'en'}
INFO 2026-01-20 01:11:45,184 ai 42 131161480287936 Make.com NLQ response: {'filters': {'must_have_skills': ['english c2'], 'nice_to_have_skills': [], 'min_years_experience': None, 'location': '', 'remote': None, 'keywords': [], 'sort': {'by': 'score', 'dir': 'desc'}}, 'raw': {'original_query': 'English c2'}}
INFO 2026-01-20 01:11:45,192 logging_service 42 131161480287936 [log] cv.searched | org=tech-startup | user=admin | entity=candidate:13f9796d-2d12-4469-bc46-de396814eca7
INFO 2026-01-20 01:11:45,194 logging_service 42 131161480287936 [log] http.post | org=tech-startup | user=admin | entity=http_request:None
INFO 2026-01-20 01:11:45,220 logging_service 42 131161480287936 [log] http.post | org=tech-startup | user=admin | entity=http_request:None
INFO 2026-01-20 01:11:52,280 ai 42 131161480287936 Sending NLQ request to Make.com: {'query': 'English c1', 'language': 'en'}
INFO 2026-01-20 01:11:54,605 ai 42 131161480287936 Make.com NLQ response: {'filters': {'must_have_skills': [], 'nice_to_have_skills': ['english c1'], 'min_years_experience': None, 'location': '', 'remote': None, 'keywords': [], 'sort': {'by': 'score', 'dir': 'desc'}}, 'raw': {'original_query': 'English c1'}}
INFO 2026-01-20 01:11:54,613 logging_service 42 131161480287936 [log] cv.searched | org=tech-startup | user=admin | entity=candidate:13f9796d-2d12-4469-bc46-de396814eca7
INFO 2026-01-20 01:11:54,615 logging_service 42 131161480287936 [log] http.post | org=tech-startup | user=admin | entity=http_request:None
INFO 2026-01-20 01:11:54,640 logging_service 42 131161480287936 [log] http.post | org=tech-startup | user=admin | entity=http_request:None
